// Jest Snapshot v1, https://goo.gl/fbAQLP

exports[`Pruebas en <GifGirdItem /> should see correctly the component 1`] = `
<div
  className="card animate__animated animate__fadeIn"
>
  <img
    alt="Hola"
    src="https://s1.1zoom.me/big3/471/Painting_Art_Back_view_Photographer_575380_3840x2400.jpg"
  />
  <p>
    Hola
  </p>
</div>
`;
